// Jest Snapshot v1, https://goo.gl/fbAQLP

exports[`Timer element 1`] = `
"<hui-timer-entity-row>
  <hui-generic-entity-row config="[object Object]" hideName="false" no-secondary="">
    <state-badge _showIcon="true" class="pointer" stateObj="[object Object]" tabindex="0">
      <ha-state-icon data-domain="timer" data-state="idle" style="">â€¦</ha-state-icon>
    </state-badge>
    <div class="info pointer text-content" title="basic">
      basic
    </div>
    <div class="pointer text-content value">
      <div class="state">
        <slot></slot>
      </div>
    </div>
    <div class="text-content">
      Idle
    </div>
  </hui-generic-entity-row>
</hui-timer-entity-row>
"
`;
